<?xml version="1.0" encoding="UTF-8"?>
<TestRun id="0382cc88-a6a9-4684-8550-8dc9f7b94da0" name="William@CPT_CARROT 2011-08-09 22:08:07" runUser="Cpt_Carrot\William" xmlns="http://microsoft.com/schemas/VisualStudio/TeamTest/2010">
  <TestSettings name="Local" id="ad2497b7-727c-4c61-863e-8e14207e0d8e">
    <Description>These are default test settings for a local test run.</Description>
    <Deployment enabled="false" runDeploymentRoot="William_CPT_CARROT 2011-08-09 22_08_07">
      <DeploymentItem filename="C:\Users\William\Documents\VS dll Libraries\ApprovalTests.0.0.5\ApprovalTests.dll" />
      <DeploymentItem filename="C:\Users\William\Documents\VS dll Libraries\ApprovalTests.0.0.5\ApprovalUtilities.dll" />
    </Deployment>
    <Execution>
      <TestTypeSpecific />
      <AgentRule name="Execution Agents">
      </AgentRule>
    </Execution>
  </TestSettings>
  <Times creation="2011-08-09T22:08:07.8281204-07:00" queuing="2011-08-09T22:08:07.9291262-07:00" start="2011-08-09T22:08:07.9531275-07:00" finish="2011-08-09T22:08:08.9821864-07:00" />
  <ResultSummary outcome="Failed">
    <Counters total="13" executed="13" passed="12" error="0" failed="1" timeout="0" aborted="0" inconclusive="0" passedButRunAborted="0" notRunnable="0" notExecuted="0" disconnected="0" warning="0" completed="0" inProgress="0" pending="0" />
  </ResultSummary>
  <TestDefinitions>
    <UnitTest name="TestIsMagicWeaponPlus5TotalEnhancementIs10" storage="c:\users\william\documents\visual studio 2010\gamerelated\itemsmithworkshop\itemsmithworkshop\bin\debug\itemsmithworkshop.dll" id="e283cb07-da66-1879-0fe8-f2ab1121051d">
      <Execution id="d5676607-1f82-4e50-8140-5303f56ab745" />
      <TestMethod codeBase="C:/Users/William/Documents/Visual Studio 2010/GameRelated/ItemSmithWorkShop/ItemSmithWorkShop/bin/Debug/ItemSmithWorkShop.DLL" adapterTypeName="Microsoft.VisualStudio.TestTools.TestTypes.Unit.UnitTestAdapter, Microsoft.VisualStudio.QualityTools.Tips.UnitTest.Adapter, Version=10.0.0.0, Culture=neutral, PublicKeyToken=b03f5f7f11d50a3a" className="ItemSmith.WeaponTests, ItemSmithWorkShop, Version=1.0.0.0, Culture=neutral, PublicKeyToken=null" name="TestIsMagicWeaponPlus5TotalEnhancementIs10" />
    </UnitTest>
    <UnitTest name="TestNotMasterworkWeapon" storage="c:\users\william\documents\visual studio 2010\gamerelated\itemsmithworkshop\itemsmithworkshop\bin\debug\itemsmithworkshop.dll" id="0941ecc6-892d-ef1d-852c-139d50879753">
      <Execution id="0253bfe4-13a7-4662-8293-2403c8b99861" />
      <TestMethod codeBase="C:/Users/William/Documents/Visual Studio 2010/GameRelated/ItemSmithWorkShop/ItemSmithWorkShop/bin/Debug/ItemSmithWorkShop.DLL" adapterTypeName="Microsoft.VisualStudio.TestTools.TestTypes.Unit.UnitTestAdapter, Microsoft.VisualStudio.QualityTools.Tips.UnitTest.Adapter, Version=10.0.0.0, Culture=neutral, PublicKeyToken=b03f5f7f11d50a3a" className="ItemSmith.WeaponTests, ItemSmithWorkShop, Version=1.0.0.0, Culture=neutral, PublicKeyToken=null" name="TestNotMasterworkWeapon" />
    </UnitTest>
    <UnitTest name="TestCasterLevelToCreatePlus3Item" storage="c:\users\william\documents\visual studio 2010\gamerelated\itemsmithworkshop\itemsmithworkshop\bin\debug\itemsmithworkshop.dll" id="d4ddad11-1bc1-c1e8-60af-6fc4b047f596">
      <Execution id="41bc5167-1d45-42f2-a3e3-82495e0c9175" />
      <TestMethod codeBase="C:/Users/William/Documents/Visual Studio 2010/GameRelated/ItemSmithWorkShop/ItemSmithWorkShop/bin/Debug/ItemSmithWorkShop.DLL" adapterTypeName="Microsoft.VisualStudio.TestTools.TestTypes.Unit.UnitTestAdapter, Microsoft.VisualStudio.QualityTools.Tips.UnitTest.Adapter, Version=10.0.0.0, Culture=neutral, PublicKeyToken=b03f5f7f11d50a3a" className="ItemSmith.WeaponTests, ItemSmithWorkShop, Version=1.0.0.0, Culture=neutral, PublicKeyToken=null" name="TestCasterLevelToCreatePlus3Item" />
    </UnitTest>
    <UnitTest name="TestIsMagicIsNotMasterworkWeapon" storage="c:\users\william\documents\visual studio 2010\gamerelated\itemsmithworkshop\itemsmithworkshop\bin\debug\itemsmithworkshop.dll" id="0d9f71f5-22b7-78ca-3bb4-0ded159f8bd3">
      <Execution id="13503365-7c15-48ae-a8d3-126783d6de73" />
      <TestMethod codeBase="C:/Users/William/Documents/Visual Studio 2010/GameRelated/ItemSmithWorkShop/ItemSmithWorkShop/bin/Debug/ItemSmithWorkShop.DLL" adapterTypeName="Microsoft.VisualStudio.TestTools.TestTypes.Unit.UnitTestAdapter, Microsoft.VisualStudio.QualityTools.Tips.UnitTest.Adapter, Version=10.0.0.0, Culture=neutral, PublicKeyToken=b03f5f7f11d50a3a" className="ItemSmith.WeaponTests, ItemSmithWorkShop, Version=1.0.0.0, Culture=neutral, PublicKeyToken=null" name="TestIsMagicIsNotMasterworkWeapon" />
    </UnitTest>
    <UnitTest name="TestIsMagicWeaponPlus2" storage="c:\users\william\documents\visual studio 2010\gamerelated\itemsmithworkshop\itemsmithworkshop\bin\debug\itemsmithworkshop.dll" id="d10d34d2-061d-c328-7dff-648ec1d98774">
      <Execution id="0025b88d-dc23-4c60-be90-e60042a09ee8" />
      <TestMethod codeBase="C:/Users/William/Documents/Visual Studio 2010/GameRelated/ItemSmithWorkShop/ItemSmithWorkShop/bin/Debug/ItemSmithWorkShop.DLL" adapterTypeName="Microsoft.VisualStudio.TestTools.TestTypes.Unit.UnitTestAdapter, Microsoft.VisualStudio.QualityTools.Tips.UnitTest.Adapter, Version=10.0.0.0, Culture=neutral, PublicKeyToken=b03f5f7f11d50a3a" className="ItemSmith.WeaponTests, ItemSmithWorkShop, Version=1.0.0.0, Culture=neutral, PublicKeyToken=null" name="TestIsMagicWeaponPlus2" />
    </UnitTest>
    <UnitTest name="TestIsMagicWeaponPlus5" storage="c:\users\william\documents\visual studio 2010\gamerelated\itemsmithworkshop\itemsmithworkshop\bin\debug\itemsmithworkshop.dll" id="3d02fd7f-8d3f-94bd-4e09-0faab933d0ad">
      <Execution id="d55632d7-b605-46e4-b186-b09511dd18a8" />
      <TestMethod codeBase="C:/Users/William/Documents/Visual Studio 2010/GameRelated/ItemSmithWorkShop/ItemSmithWorkShop/bin/Debug/ItemSmithWorkShop.DLL" adapterTypeName="Microsoft.VisualStudio.TestTools.TestTypes.Unit.UnitTestAdapter, Microsoft.VisualStudio.QualityTools.Tips.UnitTest.Adapter, Version=10.0.0.0, Culture=neutral, PublicKeyToken=b03f5f7f11d50a3a" className="ItemSmith.WeaponTests, ItemSmithWorkShop, Version=1.0.0.0, Culture=neutral, PublicKeyToken=null" name="TestIsMagicWeaponPlus5" />
    </UnitTest>
    <UnitTest name="TestIsGenericMagicWeapon" storage="c:\users\william\documents\visual studio 2010\gamerelated\itemsmithworkshop\itemsmithworkshop\bin\debug\itemsmithworkshop.dll" id="8879c8c4-14cc-da5e-6a49-d167c1f959f7">
      <Execution id="83fd05ea-51a3-4ad5-9900-f68d843cc0da" />
      <TestMethod codeBase="C:/Users/William/Documents/Visual Studio 2010/GameRelated/ItemSmithWorkShop/ItemSmithWorkShop/bin/Debug/ItemSmithWorkShop.DLL" adapterTypeName="Microsoft.VisualStudio.TestTools.TestTypes.Unit.UnitTestAdapter, Microsoft.VisualStudio.QualityTools.Tips.UnitTest.Adapter, Version=10.0.0.0, Culture=neutral, PublicKeyToken=b03f5f7f11d50a3a" className="ItemSmith.WeaponTests, ItemSmithWorkShop, Version=1.0.0.0, Culture=neutral, PublicKeyToken=null" name="TestIsGenericMagicWeapon" />
    </UnitTest>
    <UnitTest name="TestPlus1WeaponWithSpecialAbility" storage="c:\users\william\documents\visual studio 2010\gamerelated\itemsmithworkshop\itemsmithworkshop\bin\debug\itemsmithworkshop.dll" id="b5096b41-7bb0-bb12-693c-aad117aaa7b1">
      <Execution id="985b1ec4-7184-42e5-81a8-fa064a767dc8" />
      <TestMethod codeBase="C:/Users/William/Documents/Visual Studio 2010/GameRelated/ItemSmithWorkShop/ItemSmithWorkShop/bin/Debug/ItemSmithWorkShop.DLL" adapterTypeName="Microsoft.VisualStudio.TestTools.TestTypes.Unit.UnitTestAdapter, Microsoft.VisualStudio.QualityTools.Tips.UnitTest.Adapter, Version=10.0.0.0, Culture=neutral, PublicKeyToken=b03f5f7f11d50a3a" className="ItemSmith.WeaponTests, ItemSmithWorkShop, Version=1.0.0.0, Culture=neutral, PublicKeyToken=null" name="TestPlus1WeaponWithSpecialAbility" />
    </UnitTest>
    <UnitTest name="TestPlus3WeaponDaysToCreate" storage="c:\users\william\documents\visual studio 2010\gamerelated\itemsmithworkshop\itemsmithworkshop\bin\debug\itemsmithworkshop.dll" id="54739ee5-a958-3974-46b3-0f1f453bb85b">
      <Execution id="06ffbc5d-6ff0-4cbd-8430-ed3f4392de48" />
      <TestMethod codeBase="C:/Users/William/Documents/Visual Studio 2010/GameRelated/ItemSmithWorkShop/ItemSmithWorkShop/bin/Debug/ItemSmithWorkShop.DLL" adapterTypeName="Microsoft.VisualStudio.TestTools.TestTypes.Unit.UnitTestAdapter, Microsoft.VisualStudio.QualityTools.Tips.UnitTest.Adapter, Version=10.0.0.0, Culture=neutral, PublicKeyToken=b03f5f7f11d50a3a" className="ItemSmith.WeaponTests, ItemSmithWorkShop, Version=1.0.0.0, Culture=neutral, PublicKeyToken=null" name="TestPlus3WeaponDaysToCreate" />
    </UnitTest>
    <UnitTest name="TestIsMagicWeaponPlus3" storage="c:\users\william\documents\visual studio 2010\gamerelated\itemsmithworkshop\itemsmithworkshop\bin\debug\itemsmithworkshop.dll" id="872c6a5b-1abc-eb7b-33b6-6e8fce764164">
      <Execution id="5457d63a-e4a3-4a5c-a137-a07c1dd9864a" />
      <TestMethod codeBase="C:/Users/William/Documents/Visual Studio 2010/GameRelated/ItemSmithWorkShop/ItemSmithWorkShop/bin/Debug/ItemSmithWorkShop.DLL" adapterTypeName="Microsoft.VisualStudio.TestTools.TestTypes.Unit.UnitTestAdapter, Microsoft.VisualStudio.QualityTools.Tips.UnitTest.Adapter, Version=10.0.0.0, Culture=neutral, PublicKeyToken=b03f5f7f11d50a3a" className="ItemSmith.WeaponTests, ItemSmithWorkShop, Version=1.0.0.0, Culture=neutral, PublicKeyToken=null" name="TestIsMagicWeaponPlus3" />
    </UnitTest>
    <UnitTest name="TestMasterworkWeapon" storage="c:\users\william\documents\visual studio 2010\gamerelated\itemsmithworkshop\itemsmithworkshop\bin\debug\itemsmithworkshop.dll" id="efb1cb0c-6efd-e41e-a96f-89bffa7df209">
      <Execution id="ea1ddc20-2a0d-4b6e-bd92-ea71ea12f6dd" />
      <TestMethod codeBase="C:/Users/William/Documents/Visual Studio 2010/GameRelated/ItemSmithWorkShop/ItemSmithWorkShop/bin/Debug/ItemSmithWorkShop.DLL" adapterTypeName="Microsoft.VisualStudio.TestTools.TestTypes.Unit.UnitTestAdapter, Microsoft.VisualStudio.QualityTools.Tips.UnitTest.Adapter, Version=10.0.0.0, Culture=neutral, PublicKeyToken=b03f5f7f11d50a3a" className="ItemSmith.WeaponTests, ItemSmithWorkShop, Version=1.0.0.0, Culture=neutral, PublicKeyToken=null" name="TestMasterworkWeapon" />
    </UnitTest>
    <UnitTest name="TestItemName" storage="c:\users\william\documents\visual studio 2010\gamerelated\itemsmithworkshop\itemsmithworkshop\bin\debug\itemsmithworkshop.dll" id="2489d3dd-5ff4-d85f-bb90-6c0b54df9f6b">
      <Execution id="38fa4479-50cc-4729-95af-31db517a9e48" />
      <TestMethod codeBase="C:/Users/William/Documents/Visual Studio 2010/GameRelated/ItemSmithWorkShop/ItemSmithWorkShop/bin/Debug/ItemSmithWorkShop.DLL" adapterTypeName="Microsoft.VisualStudio.TestTools.TestTypes.Unit.UnitTestAdapter, Microsoft.VisualStudio.QualityTools.Tips.UnitTest.Adapter, Version=10.0.0.0, Culture=neutral, PublicKeyToken=b03f5f7f11d50a3a" className="ItemSmith.WeaponTests, ItemSmithWorkShop, Version=1.0.0.0, Culture=neutral, PublicKeyToken=null" name="TestItemName" />
    </UnitTest>
    <UnitTest name="TestDisplayWeaponStatistics" storage="c:\users\william\documents\visual studio 2010\gamerelated\itemsmithworkshop\itemsmithworkshop\bin\debug\itemsmithworkshop.dll" id="788701b4-3db0-dd01-e07a-c6f7afb82ead">
      <Execution id="6dfc87e7-c097-4e44-a1f6-d729e0900272" />
      <TestMethod codeBase="C:/Users/William/Documents/Visual Studio 2010/GameRelated/ItemSmithWorkShop/ItemSmithWorkShop/bin/Debug/ItemSmithWorkShop.DLL" adapterTypeName="Microsoft.VisualStudio.TestTools.TestTypes.Unit.UnitTestAdapter, Microsoft.VisualStudio.QualityTools.Tips.UnitTest.Adapter, Version=10.0.0.0, Culture=neutral, PublicKeyToken=b03f5f7f11d50a3a" className="ItemSmith.WeaponTests, ItemSmithWorkShop, Version=1.0.0.0, Culture=neutral, PublicKeyToken=null" name="TestDisplayWeaponStatistics" />
    </UnitTest>
  </TestDefinitions>
  <TestLists>
    <TestList name="Results Not in a List" id="8c84fa94-04c1-424b-9868-57a2d4851a1d" />
    <TestList name="All Loaded Results" id="19431567-8539-422a-85d7-44ee4e166bda" />
  </TestLists>
  <TestEntries>
    <TestEntry testId="0941ecc6-892d-ef1d-852c-139d50879753" executionId="0253bfe4-13a7-4662-8293-2403c8b99861" testListId="8c84fa94-04c1-424b-9868-57a2d4851a1d" />
    <TestEntry testId="0d9f71f5-22b7-78ca-3bb4-0ded159f8bd3" executionId="13503365-7c15-48ae-a8d3-126783d6de73" testListId="8c84fa94-04c1-424b-9868-57a2d4851a1d" />
    <TestEntry testId="2489d3dd-5ff4-d85f-bb90-6c0b54df9f6b" executionId="38fa4479-50cc-4729-95af-31db517a9e48" testListId="8c84fa94-04c1-424b-9868-57a2d4851a1d" />
    <TestEntry testId="3d02fd7f-8d3f-94bd-4e09-0faab933d0ad" executionId="d55632d7-b605-46e4-b186-b09511dd18a8" testListId="8c84fa94-04c1-424b-9868-57a2d4851a1d" />
    <TestEntry testId="54739ee5-a958-3974-46b3-0f1f453bb85b" executionId="06ffbc5d-6ff0-4cbd-8430-ed3f4392de48" testListId="8c84fa94-04c1-424b-9868-57a2d4851a1d" />
    <TestEntry testId="788701b4-3db0-dd01-e07a-c6f7afb82ead" executionId="6dfc87e7-c097-4e44-a1f6-d729e0900272" testListId="8c84fa94-04c1-424b-9868-57a2d4851a1d" />
    <TestEntry testId="872c6a5b-1abc-eb7b-33b6-6e8fce764164" executionId="5457d63a-e4a3-4a5c-a137-a07c1dd9864a" testListId="8c84fa94-04c1-424b-9868-57a2d4851a1d" />
    <TestEntry testId="8879c8c4-14cc-da5e-6a49-d167c1f959f7" executionId="83fd05ea-51a3-4ad5-9900-f68d843cc0da" testListId="8c84fa94-04c1-424b-9868-57a2d4851a1d" />
    <TestEntry testId="b5096b41-7bb0-bb12-693c-aad117aaa7b1" executionId="985b1ec4-7184-42e5-81a8-fa064a767dc8" testListId="8c84fa94-04c1-424b-9868-57a2d4851a1d" />
    <TestEntry testId="d10d34d2-061d-c328-7dff-648ec1d98774" executionId="0025b88d-dc23-4c60-be90-e60042a09ee8" testListId="8c84fa94-04c1-424b-9868-57a2d4851a1d" />
    <TestEntry testId="d4ddad11-1bc1-c1e8-60af-6fc4b047f596" executionId="41bc5167-1d45-42f2-a3e3-82495e0c9175" testListId="8c84fa94-04c1-424b-9868-57a2d4851a1d" />
    <TestEntry testId="e283cb07-da66-1879-0fe8-f2ab1121051d" executionId="d5676607-1f82-4e50-8140-5303f56ab745" testListId="8c84fa94-04c1-424b-9868-57a2d4851a1d" />
    <TestEntry testId="efb1cb0c-6efd-e41e-a96f-89bffa7df209" executionId="ea1ddc20-2a0d-4b6e-bd92-ea71ea12f6dd" testListId="8c84fa94-04c1-424b-9868-57a2d4851a1d" />
  </TestEntries>
  <Results>
    <UnitTestResult executionId="0253bfe4-13a7-4662-8293-2403c8b99861" testId="0941ecc6-892d-ef1d-852c-139d50879753" testName="TestNotMasterworkWeapon" computerName="CPT_CARROT" duration="00:00:00.0460649" startTime="2011-08-09T22:08:07.9681284-07:00" endTime="2011-08-09T22:08:08.3051477-07:00" testType="13cdc9d9-ddb5-4fa4-a97d-d965ccfc6d4b" outcome="Passed" testListId="8c84fa94-04c1-424b-9868-57a2d4851a1d" relativeResultsDirectory="0253bfe4-13a7-4662-8293-2403c8b99861">
    </UnitTestResult>
    <UnitTestResult executionId="13503365-7c15-48ae-a8d3-126783d6de73" testId="0d9f71f5-22b7-78ca-3bb4-0ded159f8bd3" testName="TestIsMagicIsNotMasterworkWeapon" computerName="CPT_CARROT" duration="00:00:00.0413038" startTime="2011-08-09T22:08:08.3121481-07:00" endTime="2011-08-09T22:08:08.3691513-07:00" testType="13cdc9d9-ddb5-4fa4-a97d-d965ccfc6d4b" outcome="Passed" testListId="8c84fa94-04c1-424b-9868-57a2d4851a1d" relativeResultsDirectory="13503365-7c15-48ae-a8d3-126783d6de73">
    </UnitTestResult>
    <UnitTestResult executionId="38fa4479-50cc-4729-95af-31db517a9e48" testId="2489d3dd-5ff4-d85f-bb90-6c0b54df9f6b" testName="TestItemName" computerName="CPT_CARROT" duration="00:00:00.0124065" startTime="2011-08-09T22:08:08.3761517-07:00" endTime="2011-08-09T22:08:08.4011532-07:00" testType="13cdc9d9-ddb5-4fa4-a97d-d965ccfc6d4b" outcome="Passed" testListId="8c84fa94-04c1-424b-9868-57a2d4851a1d" relativeResultsDirectory="38fa4479-50cc-4729-95af-31db517a9e48">
    </UnitTestResult>
    <UnitTestResult executionId="d55632d7-b605-46e4-b186-b09511dd18a8" testId="3d02fd7f-8d3f-94bd-4e09-0faab933d0ad" testName="TestIsMagicWeaponPlus5" computerName="CPT_CARROT" duration="00:00:00.0138553" startTime="2011-08-09T22:08:08.4071535-07:00" endTime="2011-08-09T22:08:08.4381553-07:00" testType="13cdc9d9-ddb5-4fa4-a97d-d965ccfc6d4b" outcome="Passed" testListId="8c84fa94-04c1-424b-9868-57a2d4851a1d" relativeResultsDirectory="d55632d7-b605-46e4-b186-b09511dd18a8">
    </UnitTestResult>
    <UnitTestResult executionId="06ffbc5d-6ff0-4cbd-8430-ed3f4392de48" testId="54739ee5-a958-3974-46b3-0f1f453bb85b" testName="TestPlus3WeaponDaysToCreate" computerName="CPT_CARROT" duration="00:00:00.0071034" startTime="2011-08-09T22:08:08.4521561-07:00" endTime="2011-08-09T22:08:08.4811577-07:00" testType="13cdc9d9-ddb5-4fa4-a97d-d965ccfc6d4b" outcome="Passed" testListId="8c84fa94-04c1-424b-9868-57a2d4851a1d" relativeResultsDirectory="06ffbc5d-6ff0-4cbd-8430-ed3f4392de48">
    </UnitTestResult>
    <UnitTestResult executionId="6dfc87e7-c097-4e44-a1f6-d729e0900272" testId="788701b4-3db0-dd01-e07a-c6f7afb82ead" testName="TestDisplayWeaponStatistics" computerName="CPT_CARROT" duration="00:00:00.0106415" startTime="2011-08-09T22:08:08.4901582-07:00" endTime="2011-08-09T22:08:08.5101594-07:00" testType="13cdc9d9-ddb5-4fa4-a97d-d965ccfc6d4b" outcome="Passed" testListId="8c84fa94-04c1-424b-9868-57a2d4851a1d" relativeResultsDirectory="6dfc87e7-c097-4e44-a1f6-d729e0900272">
    </UnitTestResult>
    <UnitTestResult executionId="5457d63a-e4a3-4a5c-a137-a07c1dd9864a" testId="872c6a5b-1abc-eb7b-33b6-6e8fce764164" testName="TestIsMagicWeaponPlus3" computerName="CPT_CARROT" duration="00:00:00.0096870" startTime="2011-08-09T22:08:08.5201600-07:00" endTime="2011-08-09T22:08:08.5391611-07:00" testType="13cdc9d9-ddb5-4fa4-a97d-d965ccfc6d4b" outcome="Passed" testListId="8c84fa94-04c1-424b-9868-57a2d4851a1d" relativeResultsDirectory="5457d63a-e4a3-4a5c-a137-a07c1dd9864a">
    </UnitTestResult>
    <UnitTestResult executionId="83fd05ea-51a3-4ad5-9900-f68d843cc0da" testId="8879c8c4-14cc-da5e-6a49-d167c1f959f7" testName="TestIsGenericMagicWeapon" computerName="CPT_CARROT" duration="00:00:00.0084958" startTime="2011-08-09T22:08:08.5451614-07:00" endTime="2011-08-09T22:08:08.5661626-07:00" testType="13cdc9d9-ddb5-4fa4-a97d-d965ccfc6d4b" outcome="Passed" testListId="8c84fa94-04c1-424b-9868-57a2d4851a1d" relativeResultsDirectory="83fd05ea-51a3-4ad5-9900-f68d843cc0da">
    </UnitTestResult>
    <UnitTestResult executionId="985b1ec4-7184-42e5-81a8-fa064a767dc8" testId="b5096b41-7bb0-bb12-693c-aad117aaa7b1" testName="TestPlus1WeaponWithSpecialAbility" computerName="CPT_CARROT" duration="00:00:00.0603884" startTime="2011-08-09T22:08:08.5731630-07:00" endTime="2011-08-09T22:08:08.6401668-07:00" testType="13cdc9d9-ddb5-4fa4-a97d-d965ccfc6d4b" outcome="Failed" testListId="8c84fa94-04c1-424b-9868-57a2d4851a1d" relativeResultsDirectory="985b1ec4-7184-42e5-81a8-fa064a767dc8">
      <Output>
        <StdOut>move /Y "C:\Users\William\Documents\Visual Studio 2010\GameRelated\ItemSmithWorkShop\ItemSmithWorkShop\WeaponTests.TestPlus1WeaponWithSpecialAbility.received.txt" "C:\Users\William\Documents\Visual Studio 2010\GameRelated\ItemSmithWorkShop\ItemSmithWorkShop\WeaponTests.TestPlus1WeaponWithSpecialAbility.approved.txt"</StdOut>
        <DebugTrace>move /Y "C:\Users\William\Documents\Visual Studio 2010\GameRelated\ItemSmithWorkShop\ItemSmithWorkShop\WeaponTests.TestPlus1WeaponWithSpecialAbility.received.txt" "C:\Users\William\Documents\Visual Studio 2010\GameRelated\ItemSmithWorkShop\ItemSmithWorkShop\WeaponTests.TestPlus1WeaponWithSpecialAbility.approved.txt"
</DebugTrace>
        <ErrorInfo>
          <Message>Test method ItemSmith.WeaponTests.TestPlus1WeaponWithSpecialAbility threw exception: 
ApprovalTests.Core.Exceptions.ApprovalMismatchException: Failed Approval: Received file C:\Users\William\Documents\Visual Studio 2010\GameRelated\ItemSmithWorkShop\ItemSmithWorkShop\WeaponTests.TestPlus1WeaponWithSpecialAbility.received.txt does not match approved file C:\Users\William\Documents\Visual Studio 2010\GameRelated\ItemSmithWorkShop\ItemSmithWorkShop\WeaponTests.TestPlus1WeaponWithSpecialAbility.approved.txt.</Message>
          <StackTrace>    at ApprovalTests.Approvers.FileApprover.Fail()
   at ApprovalTests.Core.Approvals.Approve(IApprovalApprover approver, IApprovalFailureReporter reporter)
   at ApprovalTests.Approvals.Approve(IApprovalWriter writer, IApprovalNamer namer, IApprovalFailureReporter reporter)
   at ApprovalTests.Approvals.Approve(IApprovalWriter writer)
   at ApprovalTests.Approvals.Approve(Object text)
   at ItemSmith.WeaponTests.TestPlus1WeaponWithSpecialAbility() in C:\Users\William\Documents\Visual Studio 2010\GameRelated\ItemSmithWorkShop\ItemSmithWorkShop\WeaponTest.cs:line 246
</StackTrace>
        </ErrorInfo>
      </Output>
    </UnitTestResult>
    <UnitTestResult executionId="0025b88d-dc23-4c60-be90-e60042a09ee8" testId="d10d34d2-061d-c328-7dff-648ec1d98774" testName="TestIsMagicWeaponPlus2" computerName="CPT_CARROT" duration="00:00:00.0564469" startTime="2011-08-09T22:08:08.6441671-07:00" endTime="2011-08-09T22:08:08.7141711-07:00" testType="13cdc9d9-ddb5-4fa4-a97d-d965ccfc6d4b" outcome="Passed" testListId="8c84fa94-04c1-424b-9868-57a2d4851a1d" relativeResultsDirectory="0025b88d-dc23-4c60-be90-e60042a09ee8">
    </UnitTestResult>
    <UnitTestResult executionId="41bc5167-1d45-42f2-a3e3-82495e0c9175" testId="d4ddad11-1bc1-c1e8-60af-6fc4b047f596" testName="TestCasterLevelToCreatePlus3Item" computerName="CPT_CARROT" duration="00:00:00.0118214" startTime="2011-08-09T22:08:08.7491731-07:00" endTime="2011-08-09T22:08:08.7681742-07:00" testType="13cdc9d9-ddb5-4fa4-a97d-d965ccfc6d4b" outcome="Passed" testListId="8c84fa94-04c1-424b-9868-57a2d4851a1d" relativeResultsDirectory="41bc5167-1d45-42f2-a3e3-82495e0c9175">
    </UnitTestResult>
    <UnitTestResult executionId="d5676607-1f82-4e50-8140-5303f56ab745" testId="e283cb07-da66-1879-0fe8-f2ab1121051d" testName="TestIsMagicWeaponPlus5TotalEnhancementIs10" computerName="CPT_CARROT" duration="00:00:00.0127652" startTime="2011-08-09T22:08:08.7941756-07:00" endTime="2011-08-09T22:08:08.8191771-07:00" testType="13cdc9d9-ddb5-4fa4-a97d-d965ccfc6d4b" outcome="Passed" testListId="8c84fa94-04c1-424b-9868-57a2d4851a1d" relativeResultsDirectory="d5676607-1f82-4e50-8140-5303f56ab745">
    </UnitTestResult>
    <UnitTestResult executionId="ea1ddc20-2a0d-4b6e-bd92-ea71ea12f6dd" testId="efb1cb0c-6efd-e41e-a96f-89bffa7df209" testName="TestMasterworkWeapon" computerName="CPT_CARROT" duration="00:00:00.0728493" startTime="2011-08-09T22:08:08.8271775-07:00" endTime="2011-08-09T22:08:08.9131824-07:00" testType="13cdc9d9-ddb5-4fa4-a97d-d965ccfc6d4b" outcome="Passed" testListId="8c84fa94-04c1-424b-9868-57a2d4851a1d" relativeResultsDirectory="ea1ddc20-2a0d-4b6e-bd92-ea71ea12f6dd">
    </UnitTestResult>
  </Results>
</TestRun>